Performing resolution from scratch...
Starting resolution...
[LIBFOOLANG_MAIN_TRACE] In reset caches for unit a.txt
[LIBFOOLANG_MAIN_TRACE] Populating lexical envs for unit: a.txt
   [LIBFOOLANG_MAIN_TRACE] Populating lexical envs for unit: b.txt
      [LIBFOOLANG_MAIN_TRACE] In reset caches for unit b.txt
   [LIBFOOLANG_MAIN_TRACE] Populating lexical envs for unit: b-c.txt
      [LIBFOOLANG_MAIN_TRACE] In reset caches for unit b-c.txt
   <Var a.txt:4:4-4:10> -> <Scope b.txt:1:1-3:2>
   <Var a.txt:5:4-5:13> -> <Var b.txt:2:4-2:10>
   <Var a.txt:6:4-6:15> -> <Var b-c.txt:2:4-2:10>

Performing resolution after reparsing a.txt...
[LIBFOOLANG_MAIN_TRACE] Parsing unit a.txt
[LIBFOOLANG_MAIN_TRACE] Updating lexical envs for a.txt after reparse
   [LIBFOOLANG_MAIN_TRACE] Populating lexical envs for unit: a.txt
      [LIBFOOLANG_MAIN_TRACE] In reset caches for unit a.txt
Starting resolution...
   <Var a.txt:4:4-4:10> -> <Scope b.txt:1:1-3:2>
   <Var a.txt:5:4-5:13> -> <Var b.txt:2:4-2:10>
   <Var a.txt:6:4-6:15> -> <Var b-c.txt:2:4-2:10>

Performing resolution after reparsing b.txt...
[LIBFOOLANG_MAIN_TRACE] Parsing unit b.txt
[LIBFOOLANG_MAIN_TRACE] Updating lexical envs for b.txt after reparse
   [LIBFOOLANG_MAIN_TRACE] Rerooting: <Scope 1:1-3:2> (from b-c.txt)
   [LIBFOOLANG_MAIN_TRACE] In reset caches for unit b-c.txt
   [LIBFOOLANG_MAIN_TRACE] Populating lexical envs for unit: b.txt
      [LIBFOOLANG_MAIN_TRACE] In reset caches for unit b.txt
Starting resolution...
[LIBFOOLANG_MAIN_TRACE] In reset caches for unit a.txt
   <Var a.txt:4:4-4:10> -> <Scope b.txt:1:1-3:2>
   <Var a.txt:5:4-5:13> -> <Var b.txt:2:4-2:10>
   <Var a.txt:6:4-6:15> -> <Var b-c.txt:2:4-2:10>

Performing resolution after reparsing b-c.txt...
[LIBFOOLANG_MAIN_TRACE] Parsing unit b-c.txt
[LIBFOOLANG_MAIN_TRACE] Updating lexical envs for b-c.txt after reparse
   [LIBFOOLANG_MAIN_TRACE] Populating lexical envs for unit: b-c.txt
      [LIBFOOLANG_MAIN_TRACE] In reset caches for unit b-c.txt
Starting resolution...
[LIBFOOLANG_MAIN_TRACE] In reset caches for unit a.txt
   <Var a.txt:4:4-4:10> -> <Scope b.txt:1:1-3:2>
   <Var a.txt:5:4-5:13> -> <Var b.txt:2:4-2:10>
   <Var a.txt:6:4-6:15> -> <Var b-c.txt:2:4-2:10>

Performing resolution after reparsing b.txt and b-c.txt...
[LIBFOOLANG_MAIN_TRACE] Parsing unit b.txt
[LIBFOOLANG_MAIN_TRACE] Updating lexical envs for b.txt after reparse
   [LIBFOOLANG_MAIN_TRACE] Rerooting: <Scope 1:1-3:2> (from b-c.txt)
   [LIBFOOLANG_MAIN_TRACE] In reset caches for unit b-c.txt
   [LIBFOOLANG_MAIN_TRACE] Populating lexical envs for unit: b.txt
      [LIBFOOLANG_MAIN_TRACE] In reset caches for unit b.txt
[LIBFOOLANG_MAIN_TRACE] Parsing unit b-c.txt
[LIBFOOLANG_MAIN_TRACE] Updating lexical envs for b-c.txt after reparse
   [LIBFOOLANG_MAIN_TRACE] Populating lexical envs for unit: b-c.txt
      [LIBFOOLANG_MAIN_TRACE] In reset caches for unit b-c.txt
Starting resolution...
[LIBFOOLANG_MAIN_TRACE] In reset caches for unit a.txt
   <Var a.txt:4:4-4:10> -> <Scope b.txt:1:1-3:2>
   <Var a.txt:5:4-5:13> -> <Var b.txt:2:4-2:10>
   <Var a.txt:6:4-6:15> -> <Var b-c.txt:2:4-2:10>

main.adb: Done.
Done
