File "test.py", line 15, in StructB
    Error: Struct subclasses must derive from Struct only

Done
