main.py: Running...
<Example main.txt:1:1-1:8>.p_test_all = True
<Example main.txt:1:1-1:8>.p_test_any = False
<Example main.txt:1:1-1:8>.p_test_as_array = []
<Example main.txt:1:1-1:8>.p_test_at = None
<Example main.txt:1:1-1:8>.p_test_at_or_raise = <PropertyError: dereferencing a null access>
<Example main.txt:1:1-1:8>.p_test_contains = False
<Example main.txt:1:1-1:8>.p_test_filter = []
<Example main.txt:1:1-1:8>.p_test_filtermap = []
<Example main.txt:1:1-1:8>.p_test_length = 0
<Example main.txt:1:1-1:8>.p_test_map = []
<Example main.txt:1:1-1:8>.p_test_mapcat = []
<Example main.txt:1:1-1:8>.p_test_takewhile = []
main.py: Done.
Done
