main.adb: Starting...

== unit parsed ==

MyEH: Unit_Parsed_Callback
  Unit: <AnalysisUnit main.txt>
  Reparsed: FALSE

MyEH: Unit_Parsed_Callback
  Unit: <AnalysisUnit main.txt>
  Reparsed: TRUE

== unit requested ==

MyEH: Unit_Requested_Callback
  Name: foo_1
  From: <AnalysisUnit main.txt>
  Found: TRUE
  Is_Not_Found_Error: FALSE

MyEH: Unit_Requested_Callback
  Name: foo_2
  From: <AnalysisUnit main.txt>
  Found: FALSE
  Is_Not_Found_Error: FALSE

MyEH: Unit_Requested_Callback
  Name: foo_3
  From: <AnalysisUnit main.txt>
  Found: FALSE
  Is_Not_Found_Error: TRUE

main.adb: Done.
MyEH: Release

Done
