File "test.py", line 18, in StructA.env_spec
    Error: Field env_spec is a <class 'langkit.envs.EnvSpec'>, but only instances of UserField subclasses are allowed in Struct subclasses

Done
