=== Non null callbacks ===
--- Unit parsed callback
unit: <AnalysisUnit "example">
reparsed: false

--- Unit parsed callback
unit: <AnalysisUnit "example">
reparsed: true

--- Unit requested callback
name: foo_1
from: <AnalysisUnit "example">
found: false
is_not_found_error: false

--- Unit requested callback
name: foo_2
from: <AnalysisUnit "example">
found: true
is_not_found_error: false

--- Unit requested callback
name: foo_3
from: <AnalysisUnit "example">
found: true
is_not_found_error: true

--- Unit requested callback
name: foo_4
from: <AnalysisUnit "example">
found: false
is_not_found_error: true

=== Null callbacks ===
Done
