File "test.py", line 21, In definition of grammar rule main_rule
    Error: Wrong rule name: 'sec_rules'. Did you mean 'sec_rule'?
Done
