Solving relation:
Is_Even?(%X) 
Invalid equation Is_Even?(%X): depends on undefined var %X
