File "test.py", line 20, in BarNode.prop_2
  line 20, in access to .prop_1
  line 16, in BarCode.prop_1
    Error: Recursion loop in type inference for property BarCode.prop_1. Try to specify its return type explicitly.

Done
