i=-4: <IndexError>
i=-3: <Name 1:1-1:2>
i=-2: <Name 1:3-1:4>
i=-1: <Name 1:5-1:6>
i=0: <Name 1:1-1:2>
i=1: <Name 1:3-1:4>
i=2: <Name 1:5-1:6>
i=3: <IndexError>
i=4: <IndexError>
Done
