main.adb: starting...
def { 1 } ; def ( a ) ;

main.adb: done.
Done
