Testing LexicalEnv (un)wrapping
===============================
u.root.p_env id(None) = <TypeError: None is not an allowed LexicalEnv value>
u.root.p_env id(u.root.children_env): result has type <class 'libfoolang.LexicalEnv'>
Testing LexicalEnv.get()
========================
== From <Def foo line 1> ==
  foo      : <Def foo line 1>
  p        : <Def p line 2>
  t        : <none>
  q        : <Def q line 6>
  o        : <none>
  nosymbol : <none>
== From <Def q line 6> ==
  foo      : <Def foo line 1>
  p        : <Def p line 7>, <Def p line 2>
  t        : <none>
  q        : <Def q line 6>
  o        : <Def o line 10>
  nosymbol : <none>
== From <Def o line 10> ==
  foo      : <Def foo line 1>
  p        : <Def p line 7>, <Def p line 2>
  t        : <none>
  q        : <Def q line 6>
  o        : <Def o line 10>
  nosymbol : <none>
Done.
