main.py: Running...
Parsing new unit
Trying to iterate...
Got a StaleReferenceError
main.py: Done.
main.adb: Running...
Parsing new unit
Trying to iterate...
   got Stale_Reference_Error
main.adb: Done.
Done
