========================================================================

Solving relation:
All: 
    Any: 
        1 -> %X 
        2 -> %X 

    Any: 
        2 -> %Y 
        3 -> %Y 

    %X <-> %Y

Solution: [%Y = 2, %X = 2]
========================================================================

Solving relation:
All: 
    Any: 
        1 -> %X 
        2 -> %X 

    %X <-> %Y

Solution: [%Y = 1, %X = 1]
Solution: [%Y = 2, %X = 2]
========================================================================

Solving relation:
All: 
    Any: 
        1 -> %X 
        2 -> %X 

    %Y <-> %X

Solution: [%X = 1, %Y = 1]
Solution: [%X = 2, %Y = 2]
========================================================================

Solving relation:
All: 
    Any: 
        1 -> %X 
        2 -> %X 

    Is_Even?(%Y) 
    %X <-> %Y

Solution: [%Y = 2, %X = 2]
========================================================================

Solving relation:
All: 
    Any: 
        1 -> %Y 
        2 -> %Y 

    Is_Even?(%X) 
    %X <-> %Y

Solution: [%X = 2, %Y = 2]
