main.py: Running...
Evaluating .p_do_solving...
Got a PropertyError: foo:1:1-1:8: mismatching node type for conv_prop
main.py: Done.
Done
