P_Check (<ExampleList main.txt:1:1-1:8>) = FALSE
Done
