main.py: Running...
p_get_all_foo = []
main.py: Done.
Done
