main.py: Running...
<KV key=foo value=10>
<KV key=foo value=11>
main.py: Done
Done
