== general_api.adb ==
Try to get a unit rewriting handle out of a rewriting session...
   Got a precondition failure
Create a rewriting handle
Try to create a second rewriting handle...
   Got a precondition failure
Get a rewriting handle for the analysis unit
Apply the rewriting
Create a second rewriting handler
Apply the rewriting
main.adb: Done.

== revert.adb ==
DefList[1:1-5:10]
|  Def[1:1-1:10]
|  |name:
|  |  Name[1:5-1:6]: a
|  |args:
|  |  NameList[1:4-1:4]: <empty list>
|  |expr:
|  |  Literal[1:9-1:10]: 1
|  Def[2:1-2:20]
|  |name:
|  |  Name[2:5-2:6]: b
|  |args:
|  |  NameList[2:4-2:4]: <empty list>
|  |expr:
|  |  Plus[2:9-2:20]
|  |  |lhs:
|  |  |  ParenExpr[2:9-2:16]
|  |  |  |expr:
|  |  |  |  Plus[2:10-2:15]
|  |  |  |  |lhs:
|  |  |  |  |  Literal[2:10-2:11]: 2
|  |  |  |  |rhs:
|  |  |  |  |  Ref[2:14-2:15]
|  |  |  |  |  |name:
|  |  |  |  |  |  Name[2:14-2:15]: a
|  |  |rhs:
|  |  |  Literal[2:19-2:20]: 3
|  Def[3:1-3:14]
|  |name:
|  |  Name[3:5-3:6]: c
|  |args:
|  |  NameList[3:4-3:4]: <empty list>
|  |expr:
|  |  Plus[3:9-3:14]
|  |  |lhs:
|  |  |  Ref[3:9-3:10]
|  |  |  |name:
|  |  |  |  Name[3:9-3:10]: a
|  |  |rhs:
|  |  |  Ref[3:13-3:14]
|  |  |  |name:
|  |  |  |  Name[3:13-3:14]: b
|  Def[4:1-4:10]
|  |name:
|  |  Name[4:5-4:6]: d
|  |args:
|  |  NameList[4:4-4:4]: <empty list>
|  |expr:
|  |  Literal[4:9-4:10]: 4
|  Def[5:1-5:10]
|  |name:
|  |  Name[5:5-5:6]: e
|  |args:
|  |  NameList[5:4-5:4]: <empty list>
|  |expr:
|  |  Literal[5:9-5:10]: 5
revert.adb: Done.

== rewrite.adb ==
Try assigning a child that is already tied to a tree...
   Got a precondition failure

Replace the middle definition (b) with a clone of the last definition (c)

Swap first and fourth defs

Replace the expression of the fifth definition

Replace the root of unit 2

Applying the diff...

u1.txt:
DefList
|  Def
|  |name:
|  |  Name: d
|  |args:
|  |  NameList: <empty list>
|  |expr:
|  |  Literal: 4
|  Def
|  |name:
|  |  Name: c
|  |args:
|  |  NameList: <empty list>
|  |expr:
|  |  Plus
|  |  |lhs:
|  |  |  Ref
|  |  |  |name:
|  |  |  |  Name: a
|  |  |rhs:
|  |  |  Ref
|  |  |  |name:
|  |  |  |  Name: b
|  Def
|  |name:
|  |  Name: c
|  |args:
|  |  NameList: <empty list>
|  |expr:
|  |  Plus
|  |  |lhs:
|  |  |  Ref
|  |  |  |name:
|  |  |  |  Name: a
|  |  |rhs:
|  |  |  Ref
|  |  |  |name:
|  |  |  |  Name: b
|  Def
|  |name:
|  |  Name: a
|  |args:
|  |  NameList: <empty list>
|  |expr:
|  |  Literal: 1
|  Def
|  |name:
|  |  Name: e
|  |args:
|  |  NameList: <empty list>
|  |expr:
|  |  ParenExpr
|  |  |expr:
|  |  |  Plus
|  |  |  |lhs:
|  |  |  |  Ref
|  |  |  |  |name:
|  |  |  |  |  Name: d
|  |  |  |rhs:
|  |  |  |  ParenExpr
|  |  |  |  |expr:
|  |  |  |  |  Plus
|  |  |  |  |  |lhs:
|  |  |  |  |  |  Literal: 5
|  |  |  |  |  |rhs:
|  |  |  |  |  |  Ref
|  |  |  |  |  |  |name:
|  |  |  |  |  |  |  Name: c

u2.txt:
DefList
|  Def
|  |name:
|  |  Name: zz
|  |args:
|  |  NameList: <empty list>
|  |expr:
|  |  Literal: 111
|  Def
|  |name:
|  |  Name: yy
|  |args:
|  |  NameList: <empty list>
|  |expr:
|  |  Literal: 333
rewrite.adb: Done.

== rewrite_lists.adb ==
Applying the diff...
DefList
|  Def
|  |name:
|  |  Name: a
|  |args:
|  |  NameList: <empty list>
|  |expr:
|  |  Literal: 1
|  Def
|  |name:
|  |  Name: c
|  |args:
|  |  NameList: <empty list>
|  |expr:
|  |  Literal: 3
rewrite_lists.adb: Done.

== rewrite_non_ascii.adb ==
Appending a def node...

Applying the diff...

main.txt:
def a = 1 # H\xe9llo\x0adef b=1
rewrite_non_ascii.adb: Done.

== iter_units.adb ==
Rewritten unit a.txt: def a = 11
Rewritten unit b.txt: def b = 22
iter_units.adb: Done.

== apply_error.adb ==
Could not apply diff on the main.txt unit:
  1:5: Expected Identifier, got Number
def 1=a
apply_error.adb: Done.

== templates.adb ==
Test various template instantiation errors...
* standalone {
  Got a LIBFOOLANG.COMMON.TEMPLATE_FORMAT_ERROR
* trailing standalone {
  Got a LIBFOOLANG.COMMON.TEMPLATE_FORMAT_ERROR
* standalone }
  Got a LIBFOOLANG.COMMON.TEMPLATE_FORMAT_ERROR
* too many args (1)
  Got a LIBFOOLANG.COMMON.TEMPLATE_ARGS_ERROR
* too many args (2)
  Got a LIBFOOLANG.COMMON.TEMPLATE_ARGS_ERROR
* missing args (0)
  Got a LIBFOOLANG.COMMON.TEMPLATE_ARGS_ERROR
* missing args (1)
  Got a LIBFOOLANG.COMMON.TEMPLATE_ARGS_ERROR
* cannot reparse
  Got a LIBFOOLANG.COMMON.TEMPLATE_INSTANTIATION_ERROR

Use templates to create trees of node rewriting handles...

Applying the diff...
DefList
|  Def
|  |name:
|  |  Name: a
|  |args:
|  |  NameList: <empty list>
|  |expr:
|  |  Literal: 1
|  Def
|  |name:
|  |  Name: b
|  |args:
|  |  NameList: <empty list>
|  |expr:
|  |  ParenExpr
|  |  |expr:
|  |  |  Plus
|  |  |  |lhs:
|  |  |  |  Ref
|  |  |  |  |name:
|  |  |  |  |  Name: b
|  |  |  |rhs:
|  |  |  |  ParenExpr
|  |  |  |  |expr:
|  |  |  |  |  Plus
|  |  |  |  |  |lhs:
|  |  |  |  |  |  Ref
|  |  |  |  |  |  |name:
|  |  |  |  |  |  |  Name: a
|  |  |  |  |  |rhs:
|  |  |  |  |  |  Literal: 3
templates.adb: Done.

== preserve_formatting.adb ==
Running the double text substitution...

Applying the diff...

Quoting source buffer for rewritten unit...
# First comment
def aa =
   # Middle "a" comment
   11
# Post "a" comment

def bb (xx, # Separator comment
       yy) =
   ((11
     + (22
        + 33))
    + (xx + yy))
# Trailing comment

preserve_formatting.adb: Done.

== preserve_formatting_wrap.adb ==
Wrap a's expression in a parenthesized expression...

Applying the diff...

Quoting source buffer for rewritten unit...
def a = ((
   # Some comment

      # Some other comment

      1
)
)
preserve_formatting.adb: Done.

== clone_synthetic.adb ==
Applying the diff...

u.txt:
DefList
|  Def
|  |name:
|  |  Name: B
|  |args:
|  |  NameList: <empty list>
|  |expr:
|  |  Ref
|  |  |name:
|  |  |  Name: A
clone_synthetic.adb: Done.
Done
