Solving relation:
All: 
    %X <-> %X
    1 -> %X
    1 -> %Y

Solution: [%X = 1, %Y = 1]
