main.py: Running...
p_prop([1, 2]) = 3
main.py: Done.
Done
